// Jest Snapshot v1, https://goo.gl/fbAQLP

exports[`(Component) Footer Renders to snapshot 1`] = `
<section
  className="Footer sc-EHOje DwaPY"
>
  <div
    className="sc-ifAKCX iBDHIg sc-bxivhb gBIlHg"
  >
    <div
      className="Footer-col1"
      data-jsx={1068436732}
    >
      <h3
        className="AnyQuestions"
        data-hook="questions"
        data-jsx={1068436732}
      >
        Any questions?
      </h3>
      <a
        className="Digits-link"
        data-hook="questions-mailto"
        data-jsx={1068436732}
        href="mailto:chrsmllr@gmail.com"
      >
        You got my digits.
      </a>
      <p
        className="Footer-dim"
        data-hook="copyright"
        data-jsx={1068436732}
      >
        Â© Chris Miller 
        2018
      </p>
    </div>
    <div
      className="Footer-col2"
      data-jsx={1068436732}
    >
      <a
        className="sc-htpNat ifCQge sc-bdVaJa gtmQnx"
        data-hook="github"
        href="http://github.com/chrismllr"
        rel="noopener"
        target="_blank"
      >
        <span
          className="Arrow"
          data-jsx={1068436732}
        >
          &gt;
        </span>
         github
      </a>
      <a
        className="sc-htpNat ifCQge sc-bdVaJa gtmQnx"
        href="mailto:chrsmllr@gmail.com"
        rel="noopener"
        target="_blank"
      >
        <span
          className="Arrow"
          data-jsx={1068436732}
        >
          &gt;
        </span>
         e-mail
      </a>
    </div>
  </div>
</section>
`;
