// Jest Snapshot v1, https://goo.gl/fbAQLP

exports[`(Component) Header Renders to snapshot 1`] = `
<div
  className="Header"
  data-jsx={2819036016}
>
  <div
    className="sc-bdVaJa gaHYho"
  >
    <h1
      data-jsx={2819036016}
    >
      Chris Miller
    </h1>
    <h4
      data-jsx={2819036016}
    >
      Web developer
    </h4>
  </div>
</div>
`;
