// Jest Snapshot v1, https://goo.gl/fbAQLP

exports[`(Component) Lightbox Renders to snapshot 1`] = `
<div
  className="Lightbox"
  data-jsx={4265853809}
>
  <a
    className="Back"
    data-hook="close"
    data-jsx={4265853809}
    onClick={[Function]}
  >
    <span
      data-jsx={4265853809}
    >
      ‚Üê
    </span>
  </a>
  <img
    alt="JLeveritt"
    className="Image"
    data-jsx={4265853809}
    src="img.jpg"
  />
  <div
    className="Lb-content"
    data-jsx={4265853809}
  >
    <div
      className="Col1"
      data-jsx={4265853809}
    >
      <h2
        data-jsx={4265853809}
      >
        JLeveritt
        <a
          className="Project-link"
          data-hook="project-link"
          data-jsx={4265853809}
          href="www.project.com"
          rel="noopener"
          target="_blank"
        >
          <i
            className="icon icon-link"
            data-jsx={1566661193}
            style={undefined}
          />
        </a>
      </h2>
      <p
        className="Company"
        data-jsx={4265853809}
      >
        Personal
      </p>
      <p
        className="Sub"
        data-jsx={4265853809}
      >
        React
      </p>
    </div>
    <div
      className="Col2"
      data-jsx={4265853809}
    >
      <span
        className="Learnings"
        data-jsx={4265853809}
      >
        Learnings:
      </span>
      <ul
        data-jsx={4265853809}
      >
        <li
          data-jsx={4265853809}
        >
          Did cool stuff
        </li>
      </ul>
    </div>
  </div>
</div>
`;
